Trace store: 50000 traces selected, 6 parallel replay workers
PROGRESS traces=10000 elapsed=27s feasible=9805 empty=195 exclEmpty=94.63% per-edge-exact=96.194%
PROGRESS traces=20000 elapsed=54s feasible=19627 empty=373 exclEmpty=94.66% per-edge-exact=96.233%
PROGRESS traces=30000 elapsed=82s feasible=29412 empty=588 exclEmpty=94.64% per-edge-exact=96.199%
PROGRESS traces=40000 elapsed=109s feasible=39258 empty=742 exclEmpty=94.59% per-edge-exact=96.212%
PROGRESS traces=50000 elapsed=135s feasible=49096 empty=904 exclEmpty=94.53% per-edge-exact=96.216%
CGP0 traces=50000 feasible=49096 empty=904 | correct=92.82% (clean=46408) | correctExclEmpty=94.53% | correctCreditEmpty=94.62%
CGP0 empties: n=904 avgSurv=3.9 noDrop(trivial)=904 tiny(<=2 surv)=41
CGP0 per-edge: exact=96.216% (41981557/43632502) wrong/trace=0.50 | survivor edges=100.000% | named-syn=80.16%
CGP0 greedy=full-evidence checked=50000 | candidate_evaluations=8250538 hard_overrides=110 hard_conflicts=0 (parent=0 ha=0)
Wrote 50000 traces to /users/tomislav/bridges/output/cgp0_full_evidence_ablation_50k_prime_up/default_full.json
	Command being timed: "/tmp/trace_recon_cgp0_full_evidence --corpus /mydata/uber/bignode_state/day1_unfilt_corpus --trace-store /mydata/uber/day1.store --mode cgp0 --checkpoint-distance 4 --prefix-len 8 --bloom-fp 0.0001 --prime-m --drop-rate 0.5 --seed 42 --per-trace-drop-seed --sample 50000 --sample-seed 29 --workers 6 --output /users/tomislav/bridges/output/cgp0_full_evidence_ablation_50k_prime_up/default_full.json"
	User time (seconds): 783.08
	System time (seconds): 32.69
	Percent of CPU this job got: 603%
	Elapsed (wall clock) time (h:mm:ss or m:ss): 2:15.21
	Average shared text size (kbytes): 0
	Average unshared data size (kbytes): 0
	Average stack size (kbytes): 0
	Average total size (kbytes): 0
	Maximum resident set size (kbytes): 290016
	Average resident set size (kbytes): 0
	Major (requiring I/O) page faults: 0
	Minor (reclaiming a frame) page faults: 4917488
	Voluntary context switches: 482870
	Involuntary context switches: 127404
	Swaps: 0
	File system inputs: 248
	File system outputs: 40
	Socket messages sent: 0
	Socket messages received: 0
	Signals delivered: 0
	Page size (bytes): 4096
	Exit status: 0
