Trace store: 50000 traces selected, 12 parallel replay workers
PROGRESS traces=10000 elapsed=15s feasible=9805 empty=195 exclEmpty=94.69% per-edge-exact=64.303%
PROGRESS traces=20000 elapsed=27s feasible=19627 empty=373 exclEmpty=94.70% per-edge-exact=64.562%
PROGRESS traces=30000 elapsed=40s feasible=29411 empty=589 exclEmpty=94.72% per-edge-exact=64.461%
PROGRESS traces=40000 elapsed=53s feasible=39258 empty=742 exclEmpty=94.70% per-edge-exact=64.512%
PROGRESS traces=50000 elapsed=66s feasible=49096 empty=904 exclEmpty=94.62% per-edge-exact=64.597%
CGP0 traces=50000 feasible=49096 empty=904 | correct=92.91% (clean=46453) | correctExclEmpty=94.62% | correctCreditEmpty=94.71%
CGP0 empties: n=904 avgSurv=3.9 noDrop(trivial)=904 tiny(<=2 surv)=41
CGP0 per-edge: exact=64.597% (23152539/35841475) wrong/trace=0.21 | survivor edges=64.417% | named-syn=76.61%
CGP0 greedy=legacy-lean checked=50000 | candidate_evaluations=0 hard_overrides=0 hard_conflicts=13331678 (parent=12564923 ha=766755)
Wrote 50000 traces to /users/tomislav/bridges/output/cgp0_full_evidence_ablation_50k_prime_up/legacy_lean_audited.json
	Command being timed: "/tmp/trace_recon_cgp0_full_evidence --corpus /mydata/uber/bignode_state/day1_unfilt_corpus --trace-store /mydata/uber/day1.store --mode cgp0 --checkpoint-distance 4 --prefix-len 8 --bloom-fp 0.0001 --prime-m --drop-rate 0.5 --seed 42 --per-trace-drop-seed --sample 50000 --sample-seed 29 --workers 12 --cgp0-legacy --output /users/tomislav/bridges/output/cgp0_full_evidence_ablation_50k_prime_up/legacy_lean_audited.json"
	User time (seconds): 941.18
	System time (seconds): 41.16
	Percent of CPU this job got: 1472%
	Elapsed (wall clock) time (h:mm:ss or m:ss): 1:06.70
	Average shared text size (kbytes): 0
	Average unshared data size (kbytes): 0
	Average stack size (kbytes): 0
	Average total size (kbytes): 0
	Maximum resident set size (kbytes): 338892
	Average resident set size (kbytes): 0
	Major (requiring I/O) page faults: 8
	Minor (reclaiming a frame) page faults: 3080530
	Voluntary context switches: 760252
	Involuntary context switches: 9195
	Swaps: 0
	File system inputs: 0
	File system outputs: 40
	Socket messages sent: 0
	Socket messages received: 0
	Signals delivered: 0
	Page size (bytes): 4096
	Exit status: 0
