Trace store: 50000 traces selected, 6 parallel replay workers
PROGRESS traces=10000 elapsed=27s feasible=9805 empty=195 exclEmpty=94.47% per-edge-exact=96.196%
PROGRESS traces=20000 elapsed=52s feasible=19627 empty=373 exclEmpty=94.50% per-edge-exact=96.232%
PROGRESS traces=30000 elapsed=77s feasible=29412 empty=588 exclEmpty=94.49% per-edge-exact=96.199%
PROGRESS traces=40000 elapsed=103s feasible=39258 empty=742 exclEmpty=94.46% per-edge-exact=96.211%
PROGRESS traces=50000 elapsed=129s feasible=49096 empty=904 exclEmpty=94.38% per-edge-exact=96.216%
CGP0 traces=50000 feasible=49096 empty=904 | correct=92.67% (clean=46335) | correctExclEmpty=94.38% | correctCreditEmpty=94.48%
CGP0 empties: n=904 avgSurv=3.9 noDrop(trivial)=904 tiny(<=2 surv)=41
CGP0 per-edge: exact=96.216% (41981423/43632502) wrong/trace=0.54 | survivor edges=100.000% | named-syn=80.16%
CGP0 greedy=full-evidence checked=50000 | candidate_evaluations=8250560 hard_overrides=130 hard_conflicts=0 (parent=0 ha=0)
Wrote 50000 traces to /users/tomislav/bridges/output/cgp0_full_evidence_ablation_50k_prime_up/no_grouped_evidence.json
	Command being timed: "/tmp/trace_recon_cgp0_full_evidence --corpus /mydata/uber/bignode_state/day1_unfilt_corpus --trace-store /mydata/uber/day1.store --mode cgp0 --checkpoint-distance 4 --prefix-len 8 --bloom-fp 0.0001 --prime-m --drop-rate 0.5 --seed 42 --per-trace-drop-seed --sample 50000 --sample-seed 29 --workers 6 --greedy-no-grouped-evidence --output /users/tomislav/bridges/output/cgp0_full_evidence_ablation_50k_prime_up/no_grouped_evidence.json"
	User time (seconds): 734.15
	System time (seconds): 29.74
	Percent of CPU this job got: 591%
	Elapsed (wall clock) time (h:mm:ss or m:ss): 2:09.11
	Average shared text size (kbytes): 0
	Average unshared data size (kbytes): 0
	Average stack size (kbytes): 0
	Average total size (kbytes): 0
	Maximum resident set size (kbytes): 291020
	Average resident set size (kbytes): 0
	Major (requiring I/O) page faults: 1
	Minor (reclaiming a frame) page faults: 5030990
	Voluntary context switches: 430956
	Involuntary context switches: 128869
	Swaps: 0
	File system inputs: 848
	File system outputs: 40
	Socket messages sent: 0
	Socket messages received: 0
	Signals delivered: 0
	Page size (bytes): 4096
	Exit status: 0
