Trace store: 1000 traces selected, 12 parallel replay workers
SB3 traces=1000 feasible=981 empty=19 | correct=73.90% (clean=739) | correctExclEmpty=75.33% | correctCreditEmpty=75.80%
SB3 empties: n=19 avgSurv=3.3 noDrop(trivial)=19 tiny(<=2 surv)=1
SB3 per-edge: exact=96.123% (715617/744477) wrong/trace=2.56 | survivor edges=100.000% | named-syn=79.75%
SB3 greedy=sb3-greedy checked=1000 compatible=758 (75.8000%) | candidate_evaluations=141982 ordinal_overrides=0 hard_overrides=526 ordinal_placed=308881 fanouts=50178 ordinal_conflicts=5278 hard_conflicts=0
TIMING[all] traces=1000 recon_total=14.35s mean=14.350ms p50=3.371 p90=26.421 p99=216.072 max=582.918 (ms)
TIMING[exclEmpty] traces=981 recon_total=14.348s mean=14.626ms p50=3.477 p90=26.639 p99=216.072 max=582.918 (ms)
Wrote 1000 traces to output/sb3_day1_reconstruction/fanout_constraints_1k/no_ordinal.json
	Command being timed: "/tmp/trace_recon_sb3_fanout --corpus /mydata/uber/bignode_state/day1_unfilt_corpus --trace-store /mydata/uber/day1.store --mode sb3 --checkpoint-distance 4 --prefix-len 8 --bloom-fp 0.0001 --fp-bits 64 --lehmer-ee --sb3-ignore-ordinals --drop-rate 0.5 --seed 42 --per-trace-drop-seed --sample 1000 --sample-seed 29 --workers 12 --timing output/sb3_day1_reconstruction/fanout_constraints_1k/no_ordinal_timing.csv --output output/sb3_day1_reconstruction/fanout_constraints_1k/no_ordinal.json"
	User time (seconds): 125.72
	System time (seconds): 28.38
	Percent of CPU this job got: 203%
	Elapsed (wall clock) time (h:mm:ss or m:ss): 1:15.78
	Average shared text size (kbytes): 0
	Average unshared data size (kbytes): 0
	Average stack size (kbytes): 0
	Average total size (kbytes): 0
	Maximum resident set size (kbytes): 93524
	Average resident set size (kbytes): 0
	Major (requiring I/O) page faults: 0
	Minor (reclaiming a frame) page faults: 2923860
	Voluntary context switches: 343457
	Involuntary context switches: 1082
	Swaps: 0
	File system inputs: 0
	File system outputs: 104
	Socket messages sent: 0
	Socket messages received: 0
	Signals delivered: 0
	Page size (bytes): 4096
	Exit status: 0
