Trace store: 1000 traces selected, 12 parallel replay workers
SB3 traces=1000 feasible=981 empty=19 | correct=74.40% (clean=744) | correctExclEmpty=75.84% | correctCreditEmpty=76.30%
SB3 empties: n=19 avgSurv=3.3 noDrop(trivial)=19 tiny(<=2 surv)=1
SB3 per-edge: exact=96.127% (715642/744477) wrong/trace=2.52 | survivor edges=100.000% | named-syn=79.76%
SB3 greedy=sb3-greedy checked=1000 compatible=767 (76.7000%) | candidate_evaluations=142876 ordinal_overrides=149 hard_overrides=1586 ordinal_placed=309667 fanouts=50089 ordinal_conflicts=3407 hard_conflicts=0
TIMING[all] traces=1000 recon_total=22.892s mean=22.892ms p50=4.826 p90=39.446 p99=381.707 max=1225.929 (ms)
TIMING[exclEmpty] traces=981 recon_total=22.89s mean=23.333ms p50=4.971 p90=40.219 p99=381.707 max=1225.929 (ms)
Wrote 1000 traces to output/sb3_day1_reconstruction/fanout_constraints_1k/ordinal.json
	Command being timed: "/tmp/trace_recon_sb3_fanout --corpus /mydata/uber/bignode_state/day1_unfilt_corpus --trace-store /mydata/uber/day1.store --mode sb3 --checkpoint-distance 4 --prefix-len 8 --bloom-fp 0.0001 --fp-bits 64 --lehmer-ee --drop-rate 0.5 --seed 42 --per-trace-drop-seed --sample 1000 --sample-seed 29 --workers 12 --timing output/sb3_day1_reconstruction/fanout_constraints_1k/ordinal_timing.csv --output output/sb3_day1_reconstruction/fanout_constraints_1k/ordinal.json"
	User time (seconds): 148.59
	System time (seconds): 29.21
	Percent of CPU this job got: 233%
	Elapsed (wall clock) time (h:mm:ss or m:ss): 1:16.14
	Average shared text size (kbytes): 0
	Average unshared data size (kbytes): 0
	Average stack size (kbytes): 0
	Average total size (kbytes): 0
	Maximum resident set size (kbytes): 111832
	Average resident set size (kbytes): 0
	Major (requiring I/O) page faults: 0
	Minor (reclaiming a frame) page faults: 2887987
	Voluntary context switches: 361816
	Involuntary context switches: 1640
	Swaps: 0
	File system inputs: 0
	File system outputs: 104
	Socket messages sent: 0
	Socket messages received: 0
	Signals delivered: 0
	Page size (bytes): 4096
	Exit status: 0
