Trace store: 50000 traces selected, 12 parallel replay workers
PROGRESS traces=10000 elapsed=15s feasible=9805 empty=195 exclEmpty=87.08% per-edge-exact=96.166%
PROGRESS traces=20000 elapsed=28s feasible=19627 empty=373 exclEmpty=87.71% per-edge-exact=96.208%
PROGRESS traces=30000 elapsed=41s feasible=29411 empty=589 exclEmpty=87.55% per-edge-exact=96.173%
PROGRESS traces=40000 elapsed=55s feasible=39258 empty=742 exclEmpty=87.75% per-edge-exact=96.187%
PROGRESS traces=50000 elapsed=68s feasible=49096 empty=904 exclEmpty=87.85% per-edge-exact=96.190%
CGP0 traces=50000 feasible=49096 empty=904 | correct=86.26% (clean=43132) | correctExclEmpty=87.85% | correctCreditEmpty=88.07%
CGP0 empties: n=904 avgSurv=3.9 noDrop(trivial)=904 tiny(<=2 surv)=41
CGP0 per-edge: exact=96.190% (41970036/43632494) wrong/trace=1.87 | survivor edges=100.000% | named-syn=80.02%
CGP0 greedy=full-evidence checked=50000 | candidate_evaluations=8250919 hard_overrides=500 hard_conflicts=0 (parent=0 ha=0)
Wrote 50000 traces to /users/tomislav/bridges/output/cgp0_full_evidence_ablation_50k_no_prime/default_full.json
	Command being timed: "/tmp/trace_recon_cgp0_full_evidence --corpus /mydata/uber/bignode_state/day1_unfilt_corpus --trace-store /mydata/uber/day1.store --mode cgp0 --checkpoint-distance 4 --prefix-len 8 --bloom-fp 0.0001 --drop-rate 0.5 --seed 42 --per-trace-drop-seed --sample 50000 --sample-seed 29 --workers 12 --output /users/tomislav/bridges/output/cgp0_full_evidence_ablation_50k_no_prime/default_full.json"
	User time (seconds): 1044.36
	System time (seconds): 46.96
	Percent of CPU this job got: 1595%
	Elapsed (wall clock) time (h:mm:ss or m:ss): 1:08.39
	Average shared text size (kbytes): 0
	Average unshared data size (kbytes): 0
	Average stack size (kbytes): 0
	Average total size (kbytes): 0
	Maximum resident set size (kbytes): 419200
	Average resident set size (kbytes): 0
	Major (requiring I/O) page faults: 9
	Minor (reclaiming a frame) page faults: 3754626
	Voluntary context switches: 848161
	Involuntary context switches: 10901
	Swaps: 0
	File system inputs: 0
	File system outputs: 40
	Socket messages sent: 0
	Socket messages received: 0
	Signals delivered: 0
	Page size (bytes): 4096
	Exit status: 0
