Trace store: 521305 traces selected, 10 parallel replay workers
PROGRESS traces=10000 elapsed=9s feasible=9247 empty=753 exclEmpty=95.52% per-edge-exact=62.439%
PROGRESS traces=20000 elapsed=23s feasible=19127 empty=873 exclEmpty=94.69% per-edge-exact=63.170%
PROGRESS traces=30000 elapsed=35s feasible=29003 empty=997 exclEmpty=94.51% per-edge-exact=63.282%
PROGRESS traces=40000 elapsed=47s feasible=38879 empty=1121 exclEmpty=94.34% per-edge-exact=63.299%
PROGRESS traces=50000 elapsed=59s feasible=48759 empty=1241 exclEmpty=94.41% per-edge-exact=63.517%
PROGRESS traces=60000 elapsed=71s feasible=58603 empty=1397 exclEmpty=94.44% per-edge-exact=63.737%
PROGRESS traces=70000 elapsed=84s feasible=68436 empty=1564 exclEmpty=94.49% per-edge-exact=63.893%
PROGRESS traces=80000 elapsed=99s feasible=78264 empty=1736 exclEmpty=94.45% per-edge-exact=63.980%
PROGRESS traces=90000 elapsed=112s feasible=88115 empty=1885 exclEmpty=94.47% per-edge-exact=64.020%
PROGRESS traces=100000 elapsed=125s feasible=97986 empty=2014 exclEmpty=94.48% per-edge-exact=64.150%
PROGRESS traces=110000 elapsed=138s feasible=107830 empty=2170 exclEmpty=94.51% per-edge-exact=64.155%
PROGRESS traces=120000 elapsed=149s feasible=117689 empty=2311 exclEmpty=94.53% per-edge-exact=64.239%
PROGRESS traces=130000 elapsed=162s feasible=127543 empty=2457 exclEmpty=94.53% per-edge-exact=64.288%
PROGRESS traces=140000 elapsed=174s feasible=137382 empty=2618 exclEmpty=94.53% per-edge-exact=64.364%
PROGRESS traces=150000 elapsed=188s feasible=147216 empty=2784 exclEmpty=94.53% per-edge-exact=64.372%
PROGRESS traces=160000 elapsed=201s feasible=157066 empty=2934 exclEmpty=94.51% per-edge-exact=64.396%
PROGRESS traces=170000 elapsed=213s feasible=166897 empty=3103 exclEmpty=94.50% per-edge-exact=64.423%
PROGRESS traces=180000 elapsed=227s feasible=176733 empty=3267 exclEmpty=94.51% per-edge-exact=64.464%
PROGRESS traces=190000 elapsed=239s feasible=186598 empty=3402 exclEmpty=94.52% per-edge-exact=64.509%
PROGRESS traces=200000 elapsed=251s feasible=196429 empty=3571 exclEmpty=94.53% per-edge-exact=64.525%
PROGRESS traces=210000 elapsed=265s feasible=206286 empty=3714 exclEmpty=94.51% per-edge-exact=64.524%
PROGRESS traces=220000 elapsed=279s feasible=216113 empty=3887 exclEmpty=94.51% per-edge-exact=64.543%
PROGRESS traces=230000 elapsed=292s feasible=225961 empty=4039 exclEmpty=94.51% per-edge-exact=64.559%
PROGRESS traces=240000 elapsed=306s feasible=235819 empty=4181 exclEmpty=94.51% per-edge-exact=64.562%
PROGRESS traces=250000 elapsed=319s feasible=245659 empty=4341 exclEmpty=94.52% per-edge-exact=64.575%
PROGRESS traces=260000 elapsed=330s feasible=255495 empty=4505 exclEmpty=94.54% per-edge-exact=64.584%
PROGRESS traces=270000 elapsed=340s feasible=264738 empty=5262 exclEmpty=94.55% per-edge-exact=64.526%
PROGRESS traces=280000 elapsed=352s feasible=274600 empty=5400 exclEmpty=94.54% per-edge-exact=64.501%
PROGRESS traces=290000 elapsed=364s feasible=284478 empty=5522 exclEmpty=94.53% per-edge-exact=64.470%
PROGRESS traces=300000 elapsed=377s feasible=294388 empty=5612 exclEmpty=94.52% per-edge-exact=64.433%
PROGRESS traces=310000 elapsed=389s feasible=304245 empty=5755 exclEmpty=94.51% per-edge-exact=64.417%
PROGRESS traces=320000 elapsed=400s feasible=314087 empty=5913 exclEmpty=94.51% per-edge-exact=64.432%
PROGRESS traces=330000 elapsed=413s feasible=323932 empty=6068 exclEmpty=94.52% per-edge-exact=64.451%
PROGRESS traces=340000 elapsed=427s feasible=333792 empty=6208 exclEmpty=94.53% per-edge-exact=64.446%
PROGRESS traces=350000 elapsed=440s feasible=343633 empty=6367 exclEmpty=94.52% per-edge-exact=64.456%
PROGRESS traces=360000 elapsed=453s feasible=353480 empty=6520 exclEmpty=94.52% per-edge-exact=64.471%
PROGRESS traces=370000 elapsed=465s feasible=363311 empty=6689 exclEmpty=94.53% per-edge-exact=64.486%
PROGRESS traces=380000 elapsed=478s feasible=373161 empty=6839 exclEmpty=94.53% per-edge-exact=64.498%
PROGRESS traces=390000 elapsed=492s feasible=383010 empty=6990 exclEmpty=94.53% per-edge-exact=64.512%
PROGRESS traces=400000 elapsed=506s feasible=392857 empty=7143 exclEmpty=94.52% per-edge-exact=64.522%
PROGRESS traces=410000 elapsed=518s feasible=402694 empty=7306 exclEmpty=94.53% per-edge-exact=64.534%
PROGRESS traces=420000 elapsed=530s feasible=412534 empty=7466 exclEmpty=94.53% per-edge-exact=64.541%
PROGRESS traces=430000 elapsed=542s feasible=422388 empty=7612 exclEmpty=94.54% per-edge-exact=64.555%
PROGRESS traces=440000 elapsed=554s feasible=432242 empty=7758 exclEmpty=94.54% per-edge-exact=64.559%
PROGRESS traces=450000 elapsed=567s feasible=442098 empty=7902 exclEmpty=94.55% per-edge-exact=64.561%
PROGRESS traces=460000 elapsed=578s feasible=451943 empty=8057 exclEmpty=94.55% per-edge-exact=64.576%
PROGRESS traces=470000 elapsed=592s feasible=461800 empty=8200 exclEmpty=94.55% per-edge-exact=64.583%
PROGRESS traces=480000 elapsed=606s feasible=471649 empty=8351 exclEmpty=94.55% per-edge-exact=64.594%
PROGRESS traces=490000 elapsed=619s feasible=481511 empty=8489 exclEmpty=94.55% per-edge-exact=64.596%
PROGRESS traces=500000 elapsed=631s feasible=491343 empty=8657 exclEmpty=94.56% per-edge-exact=64.610%
PROGRESS traces=510000 elapsed=645s feasible=501204 empty=8796 exclEmpty=94.56% per-edge-exact=64.617%
PROGRESS traces=520000 elapsed=656s feasible=511054 empty=8946 exclEmpty=94.55% per-edge-exact=64.619%
CGP0 traces=521305 feasible=512334 empty=8971 | correct=92.93% (clean=484433) | correctExclEmpty=94.55% | correctCreditEmpty=94.65%
CGP0 empties: n=8971 avgSurv=4.0 noDrop(trivial)=8971 tiny(<=2 surv)=446
CGP0 per-edge: exact=64.618% (241530499/373779232) wrong/trace=0.20 | survivor edges=64.437% | named-syn=76.71%
Wrote 521305 traces to /users/tomislav/bridges/output/sb3_day1_reconstruction/prime_up_full_day1/cgp0_prime_up.json
	Command being timed: "/tmp/trace_recon_sb3_ha_pairwise --corpus /mydata/uber/bignode_state/day1_unfilt_corpus --trace-store /mydata/uber/day1.store --mode cgp0 --checkpoint-distance 4 --prefix-len 8 --bloom-fp 0.0001 --prime-m --drop-rate 0.5 --seed 42 --per-trace-drop-seed --workers 10 --output /users/tomislav/bridges/output/sb3_day1_reconstruction/prime_up_full_day1/cgp0_prime_up.json"
	User time (seconds): 6547.81
	System time (seconds): 101.67
	Percent of CPU this job got: 1005%
	Elapsed (wall clock) time (h:mm:ss or m:ss): 11:01.02
	Average shared text size (kbytes): 0
	Average unshared data size (kbytes): 0
	Average stack size (kbytes): 0
	Average total size (kbytes): 0
	Maximum resident set size (kbytes): 551368
	Average resident set size (kbytes): 0
	Major (requiring I/O) page faults: 3
	Minor (reclaiming a frame) page faults: 15928852
	Voluntary context switches: 1836310
	Involuntary context switches: 881901
	Swaps: 0
	File system inputs: 3707688
	File system outputs: 168
	Socket messages sent: 0
	Socket messages received: 0
	Signals delivered: 0
	Page size (bytes): 4096
	Exit status: 0
