Trace store: 100000 traces selected, 7 parallel replay workers
PROGRESS traces=10000 elapsed=101s | d005:excl=99.45% d025:excl=98.03% d05:excl=96.20% d075:excl=94.00% d095:excl=92.66% d10:excl=92.60%
PROGRESS traces=20000 elapsed=197s | d005:excl=99.33% d025:excl=97.75% d05:excl=95.55% d075:excl=93.11% d095:excl=91.04% d10:excl=90.53%
PROGRESS traces=30000 elapsed=293s | d005:excl=99.33% d025:excl=97.65% d05:excl=95.32% d075:excl=92.71% d095:excl=90.31% d10:excl=89.75%
PROGRESS traces=40000 elapsed=376s | d005:excl=99.34% d025:excl=97.68% d05:excl=95.28% d075:excl=92.44% d095:excl=89.81% d10:excl=89.16%
PROGRESS traces=50000 elapsed=463s | d005:excl=99.33% d025:excl=97.70% d05:excl=95.28% d075:excl=92.49% d095:excl=89.90% d10:excl=89.22%
PROGRESS traces=60000 elapsed=550s | d005:excl=99.32% d025:excl=97.71% d05:excl=95.33% d075:excl=92.69% d095:excl=90.31% d10:excl=89.67%
PROGRESS traces=70000 elapsed=641s | d005:excl=99.32% d025:excl=97.67% d05:excl=95.32% d075:excl=92.76% d095:excl=90.55% d10:excl=89.95%
PROGRESS traces=80000 elapsed=753s | d005:excl=99.31% d025:excl=97.65% d05:excl=95.34% d075:excl=92.85% d095:excl=90.75% d10:excl=90.20%
PROGRESS traces=90000 elapsed=850s | d005:excl=99.30% d025:excl=97.63% d05:excl=95.36% d075:excl=92.91% d095:excl=90.87% d10:excl=90.34%
PROGRESS traces=100000 elapsed=947s | d005:excl=99.31% d025:excl=97.65% d05:excl=95.39% d075:excl=92.99% d095:excl=91.01% d10:excl=90.51%
CGP0[d005] traces=100000 nontrivial=85728 empty=14272 | cleanNontrivial=85134 (99.31%) | cleanAll=99406 (99.41%)
CGP0[d005] empties: n=14272 score-clean=14272 avgSurv=58.1 noDrop(trivial)=14272 tiny(<=2 surv)=81
CGP0[d005] per-edge: exact=99.950% (90644638/90689768) wrong/trace=0.01 | survivor edges=0.000% | named-syn=0.00%
CGP0[d025] traces=100000 nontrivial=95895 empty=4105 | cleanNontrivial=93642 (97.65%) | cleanAll=97747 (97.75%)
CGP0[d025] empties: n=4105 score-clean=4105 avgSurv=9.6 noDrop(trivial)=4105 tiny(<=2 surv)=81
CGP0[d025] per-edge: exact=98.865% (89367681/90393211) wrong/trace=0.06 | survivor edges=0.000% | named-syn=0.00%
CGP0[d05] traces=100000 nontrivial=97993 empty=2007 | cleanNontrivial=93479 (95.39%) | cleanAll=95486 (95.49%)
CGP0[d05] empties: n=2007 score-clean=2007 avgSurv=3.8 noDrop(trivial)=2007 tiny(<=2 surv)=81
CGP0[d05] per-edge: exact=95.751% (83365728/87064854) wrong/trace=0.17 | survivor edges=0.000% | named-syn=0.00%
CGP0[d075] traces=100000 nontrivial=99085 empty=915 | cleanNontrivial=92135 (92.99%) | cleanAll=93050 (93.05%)
CGP0[d075] empties: n=915 score-clean=915 avgSurv=3.1 noDrop(trivial)=915 tiny(<=2 surv)=81
CGP0[d075] per-edge: exact=90.866% (74024399/81465273) wrong/trace=0.39 | survivor edges=0.000% | named-syn=0.00%
CGP0[d095] traces=100000 nontrivial=99761 empty=239 | cleanNontrivial=90792 (91.01%) | cleanAll=91031 (91.03%)
CGP0[d095] empties: n=239 score-clean=239 avgSurv=2.4 noDrop(trivial)=239 tiny(<=2 surv)=81
CGP0[d095] per-edge: exact=85.672% (64577870/75378270) wrong/trace=0.66 | survivor edges=0.000% | named-syn=0.00%
CGP0[d10] traces=100000 nontrivial=99919 empty=81 | cleanNontrivial=90435 (90.51%) | cleanAll=90516 (90.52%)
CGP0[d10] empties: n=81 score-clean=81 avgSurv=1.0 noDrop(trivial)=81 tiny(<=2 surv)=81
CGP0[d10] per-edge: exact=84.175% (61979905/73631909) wrong/trace=0.75 | survivor edges=0.000% | named-syn=0.00%
CGP0[d005] greedy=full-evidence checked=100000 | candidate_evaluations=2121798 hard_overrides=147 hard_conflicts=0 (parent=0 ha=0)
CGP0[d025] greedy=full-evidence checked=100000 | candidate_evaluations=9693826 hard_overrides=525 hard_conflicts=0 (parent=0 ha=0)
CGP0[d05] greedy=full-evidence checked=100000 | candidate_evaluations=17034253 hard_overrides=742 hard_conflicts=0 (parent=0 ha=0)
CGP0[d075] greedy=full-evidence checked=100000 | candidate_evaluations=21786464 hard_overrides=1281 hard_conflicts=0 (parent=0 ha=0)
CGP0[d095] greedy=full-evidence checked=100000 | candidate_evaluations=23387390 hard_overrides=2624 hard_conflicts=0 (parent=0 ha=0)
CGP0[d10] greedy=full-evidence checked=100000 | candidate_evaluations=23372943 hard_overrides=3160 hard_conflicts=0 (parent=0 ha=0)
Wrote 100000 traces to /users/tomislav/bridges/output/reconstruction_matrix_first100k_prime_up_ha_safe/cgp0_cpd5.json
	Command being timed: "/users/tomislav/bridges/output/trace_recon_first100k_matrix --corpus /mydata/uber/bignode_state/day1_unfilt_corpus --trace-store /mydata/uber/day1.store --mode cgp0 --checkpoint-distance 5 --prefix-len 8 --bloom-fp 0.0001 --prime-m --drop-rates 0.05,0.25,0.5,0.75,0.95,1 --seed 42 --per-trace-drop-seed --trace-count 100000 --workers 7 --output /users/tomislav/bridges/output/reconstruction_matrix_first100k_prime_up_ha_safe/cgp0_cpd5.json"
	User time (seconds): 7395.22
	System time (seconds): 99.64
	Percent of CPU this job got: 766%
	Elapsed (wall clock) time (h:mm:ss or m:ss): 16:18.25
	Average shared text size (kbytes): 0
	Average unshared data size (kbytes): 0
	Average stack size (kbytes): 0
	Average total size (kbytes): 0
	Maximum resident set size (kbytes): 590568
	Average resident set size (kbytes): 0
	Major (requiring I/O) page faults: 1
	Minor (reclaiming a frame) page faults: 16189962
	Voluntary context switches: 2219971
	Involuntary context switches: 159093
	Swaps: 0
	File system inputs: 0
	File system outputs: 112
	Socket messages sent: 0
	Socket messages received: 0
	Signals delivered: 0
	Page size (bytes): 4096
	Exit status: 0
