Trace store: 100000 traces selected, 7 parallel replay workers
PROGRESS traces=10000 elapsed=103s | d005:excl=99.47% d025:excl=98.28% d05:excl=97.40% d075:excl=97.37% d095:excl=98.95% d10:excl=100.00%
PROGRESS traces=20000 elapsed=213s | d005:excl=99.44% d025:excl=98.23% d05:excl=97.20% d075:excl=97.11% d095:excl=98.79% d10:excl=100.00%
PROGRESS traces=30000 elapsed=326s | d005:excl=99.43% d025:excl=98.20% d05:excl=97.19% d075:excl=97.03% d095:excl=98.76% d10:excl=100.00%
PROGRESS traces=40000 elapsed=423s | d005:excl=99.43% d025:excl=98.18% d05:excl=97.13% d075:excl=96.98% d095:excl=98.69% d10:excl=100.00%
PROGRESS traces=50000 elapsed=528s | d005:excl=99.46% d025:excl=98.22% d05:excl=97.14% d075:excl=96.99% d095:excl=98.72% d10:excl=100.00%
PROGRESS traces=60000 elapsed=633s | d005:excl=99.46% d025:excl=98.25% d05:excl=97.14% d075:excl=97.03% d095:excl=98.73% d10:excl=100.00%
PROGRESS traces=70000 elapsed=749s | d005:excl=99.48% d025:excl=98.26% d05:excl=97.15% d075:excl=97.04% d095:excl=98.73% d10:excl=100.00%
PROGRESS traces=80000 elapsed=895s | d005:excl=99.46% d025:excl=98.24% d05:excl=97.13% d075:excl=97.02% d095:excl=98.72% d10:excl=100.00%
PROGRESS traces=90000 elapsed=1021s | d005:excl=99.46% d025:excl=98.24% d05:excl=97.13% d075:excl=97.00% d095:excl=98.70% d10:excl=100.00%
PROGRESS traces=100000 elapsed=1138s | d005:excl=99.46% d025:excl=98.24% d05:excl=97.12% d075:excl=96.98% d095:excl=98.69% d10:excl=100.00%
PB0[d005] traces=100000 nontrivial=86409 empty=13591 | cleanNontrivial=85940 (99.46%) | cleanAll=99531 (99.53%)
PB0[d005] empties: n=13591 score-clean=13591 avgSurv=56.6 noDrop(trivial)=13591 tiny(<=2 surv)=81
PB0[d005] per-fragment: reconnect-exact=99.973% (3727034/3728026) wrong/trace=0.01
PB0[d025] traces=100000 nontrivial=95976 empty=4024 | cleanNontrivial=94284 (98.24%) | cleanAll=98308 (98.31%)
PB0[d025] empties: n=4024 score-clean=4024 avgSurv=9.3 noDrop(trivial)=4024 tiny(<=2 surv)=81
PB0[d025] per-fragment: reconnect-exact=99.966% (16476180/16481770) wrong/trace=0.06
PB0[d05] traces=100000 nontrivial=97999 empty=2001 | cleanNontrivial=95173 (97.12%) | cleanAll=97174 (97.17%)
PB0[d05] empties: n=2001 score-clean=2001 avgSurv=3.8 noDrop(trivial)=2001 tiny(<=2 surv)=81
PB0[d05] per-fragment: reconnect-exact=99.961% (27663643/27674525) wrong/trace=0.11
PB0[d075] traces=100000 nontrivial=99085 empty=915 | cleanNontrivial=96089 (96.98%) | cleanAll=97004 (97.00%)
PB0[d075] empties: n=915 score-clean=915 avgSurv=3.1 noDrop(trivial)=915 tiny(<=2 surv)=81
PB0[d075] per-fragment: reconnect-exact=99.963% (33615254/33627807) wrong/trace=0.13
PB0[d095] traces=100000 nontrivial=99761 empty=239 | cleanNontrivial=98452 (98.69%) | cleanAll=98691 (98.69%)
PB0[d095] empties: n=239 score-clean=239 avgSurv=2.4 noDrop(trivial)=239 tiny(<=2 surv)=81
PB0[d095] per-fragment: reconnect-exact=99.985% (34577257/34582511) wrong/trace=0.05
PB0[d10] traces=100000 nontrivial=99919 empty=81 | cleanNontrivial=99919 (100.00%) | cleanAll=100000 (100.00%)
PB0[d10] empties: n=81 score-clean=81 avgSurv=1.0 noDrop(trivial)=81 tiny(<=2 surv)=81
PB0[d10] per-fragment: reconnect-exact=100.000% (34294332/34294332) wrong/trace=0.00
Wrote 100000 traces to /users/tomislav/bridges/output/reconstruction_matrix_first100k_prime_up_ha_safe/pb0_cpd8.json
	Command being timed: "/users/tomislav/bridges/output/trace_recon_first100k_matrix --corpus /mydata/uber/bignode_state/day1_unfilt_corpus --trace-store /mydata/uber/day1.store --mode pb0 --checkpoint-distance 8 --prefix-len 8 --bloom-fp 0.0001 --prime-m --drop-rates 0.05,0.25,0.5,0.75,0.95,1 --seed 42 --per-trace-drop-seed --trace-count 100000 --workers 7 --output /users/tomislav/bridges/output/reconstruction_matrix_first100k_prime_up_ha_safe/pb0_cpd8.json"
	User time (seconds): 8709.73
	System time (seconds): 105.07
	Percent of CPU this job got: 748%
	Elapsed (wall clock) time (h:mm:ss or m:ss): 19:37.87
	Average shared text size (kbytes): 0
	Average unshared data size (kbytes): 0
	Average stack size (kbytes): 0
	Average total size (kbytes): 0
	Maximum resident set size (kbytes): 570692
	Average resident set size (kbytes): 0
	Major (requiring I/O) page faults: 0
	Minor (reclaiming a frame) page faults: 17644183
	Voluntary context switches: 2267219
	Involuntary context switches: 211650
	Swaps: 0
	File system inputs: 0
	File system outputs: 112
	Socket messages sent: 0
	Socket messages received: 0
	Signals delivered: 0
	Page size (bytes): 4096
	Exit status: 0
