Trace store: 100000 traces selected, 7 parallel replay workers
PROGRESS traces=10000 elapsed=281s | d005:excl=99.84% d025:excl=98.65% d05:excl=96.77% d075:excl=94.48% d095:excl=92.61% d10:excl=91.97%
PROGRESS traces=20000 elapsed=579s | d005:excl=99.83% d025:excl=98.28% d05:excl=95.63% d075:excl=92.65% d095:excl=89.99% d10:excl=89.23%
PROGRESS traces=30000 elapsed=921s | d005:excl=99.83% d025:excl=98.26% d05:excl=95.45% d075:excl=91.98% d095:excl=88.89% d10:excl=88.00%
PROGRESS traces=40000 elapsed=1246s | d005:excl=99.85% d025:excl=98.28% d05:excl=95.33% d075:excl=91.60% d095:excl=88.22% d10:excl=87.40%
PROGRESS traces=50000 elapsed=1546s | d005:excl=99.86% d025:excl=98.27% d05:excl=95.38% d075:excl=91.68% d095:excl=88.31% d10:excl=87.56%
PROGRESS traces=60000 elapsed=1847s | d005:excl=99.86% d025:excl=98.29% d05:excl=95.47% d075:excl=91.93% d095:excl=88.79% d10:excl=88.10%
PROGRESS traces=70000 elapsed=2170s | d005:excl=99.87% d025:excl=98.31% d05:excl=95.51% d075:excl=92.07% d095:excl=89.16% d10:excl=88.49%
PROGRESS traces=80000 elapsed=2556s | d005:excl=99.87% d025:excl=98.28% d05:excl=95.50% d075:excl=92.17% d095:excl=89.36% d10:excl=88.71%
PROGRESS traces=90000 elapsed=2899s | d005:excl=99.86% d025:excl=98.30% d05:excl=95.50% d075:excl=92.26% d095:excl=89.56% d10:excl=88.95%
PROGRESS traces=100000 elapsed=3233s | d005:excl=99.86% d025:excl=98.31% d05:excl=95.54% d075:excl=92.32% d095:excl=89.73% d10:excl=89.13%
SB3[d005] traces=100000 nontrivial=85219 empty=14781 | cleanNontrivial=85100 (99.86%) | cleanAll=99881 (99.88%)
SB3[d005] empties: n=14781 score-clean=14781 avgSurv=61.4 noDrop(trivial)=14781 tiny(<=2 surv)=81
SB3[d005] per-edge: exact=99.958% (90579715/90617896) wrong/trace=0.00 | survivor edges=0.000% | named-syn=0.00%
SB3[d025] traces=100000 nontrivial=95787 empty=4213 | cleanNontrivial=94170 (98.31%) | cleanAll=98383 (98.38%)
SB3[d025] empties: n=4213 score-clean=4213 avgSurv=10.7 noDrop(trivial)=4213 tiny(<=2 surv)=81
SB3[d025] per-edge: exact=99.009% (89651255/90548694) wrong/trace=0.06 | survivor edges=0.000% | named-syn=0.00%
SB3[d05] traces=100000 nontrivial=97986 empty=2014 | cleanNontrivial=93620 (95.54%) | cleanAll=95634 (95.63%)
SB3[d05] empties: n=2014 score-clean=2014 avgSurv=3.9 noDrop(trivial)=2014 tiny(<=2 surv)=81
SB3[d05] per-edge: exact=96.200% (84366817/87699326) wrong/trace=0.23 | survivor edges=0.000% | named-syn=0.00%
SB3[d075] traces=100000 nontrivial=99085 empty=915 | cleanNontrivial=91478 (92.32%) | cleanAll=92393 (92.39%)
SB3[d075] empties: n=915 score-clean=915 avgSurv=3.1 noDrop(trivial)=915 tiny(<=2 surv)=81
SB3[d075] per-edge: exact=91.663% (75988229/82899462) wrong/trace=0.53 | survivor edges=0.000% | named-syn=0.00%
SB3[d095] traces=100000 nontrivial=99761 empty=239 | cleanNontrivial=89511 (89.73%) | cleanAll=89750 (89.75%)
SB3[d095] empties: n=239 score-clean=239 avgSurv=2.4 noDrop(trivial)=239 tiny(<=2 surv)=81
SB3[d095] per-edge: exact=86.692% (67340522/77678094) wrong/trace=0.90 | survivor edges=0.000% | named-syn=0.00%
SB3[d10] traces=100000 nontrivial=99919 empty=81 | cleanNontrivial=89058 (89.13%) | cleanAll=89139 (89.14%)
SB3[d10] empties: n=81 score-clean=81 avgSurv=1.0 noDrop(trivial)=81 tiny(<=2 surv)=81
SB3[d10] per-edge: exact=85.234% (64931370/76179754) wrong/trace=1.02 | survivor edges=0.000% | named-syn=0.00%
SB3[d005] greedy=sb3-greedy checked=100000 compatible=99884 (99.8840%) | candidate_evaluations=2032430 ordinal_overrides=1483 hard_overrides=33 explicit_ordinals=36776524 implicit_first_labels=54772174 fanouts=5850787 ordinal_conflicts=924 hard_conflicts=0 (parent=0 ha=0)
SB3[d005] structure topo-clean-checked=99881 complete=99881 (100.0000%) incomplete=0 | DEE placed=5775153 ambiguous=0 no_place=0 | event_order=99881 (100.0000%) critical_path=99881 (100.0000%) parent_end_order=5775376/5775376 (100.0000%)
SB3[d025] greedy=sb3-greedy checked=100000 compatible=98490 (98.4900%) | candidate_evaluations=9375551 ordinal_overrides=5938 hard_overrides=2669 explicit_ordinals=36769270 implicit_first_labels=54767365 fanouts=5851631 ordinal_conflicts=22373 hard_conflicts=0 (parent=0 ha=0)
SB3[d025] structure topo-clean-checked=98383 complete=98383 (100.0000%) incomplete=0 | DEE placed=4820456 ambiguous=0 no_place=0 | event_order=98383 (100.0000%) critical_path=98383 (100.0000%) parent_end_order=4820668/4820668 (100.0000%)
SB3[d05] greedy=sb3-greedy checked=100000 compatible=95887 (95.8870%) | candidate_evaluations=16715747 ordinal_overrides=7630 hard_overrides=6646 explicit_ordinals=36738100 implicit_first_labels=54744931 fanouts=5852452 ordinal_conflicts=109173 hard_conflicts=0 (parent=0 ha=0)
SB3[d05] structure topo-clean-checked=95634 complete=95634 (100.0000%) incomplete=0 | DEE placed=3937771 ambiguous=0 no_place=0 | event_order=95634 (100.0000%) critical_path=95634 (100.0000%) parent_end_order=3937951/3937951 (100.0000%)
SB3[d075] greedy=sb3-greedy checked=100000 compatible=92702 (92.7020%) | candidate_evaluations=21812755 ordinal_overrides=5943 hard_overrides=5564 explicit_ordinals=36673148 implicit_first_labels=54695437 fanouts=5849986 ordinal_conflicts=287751 hard_conflicts=0 (parent=0 ha=0)
SB3[d075] structure topo-clean-checked=92393 complete=92393 (100.0000%) incomplete=0 | DEE placed=3288982 ambiguous=0 no_place=0 | event_order=92393 (100.0000%) critical_path=92393 (100.0000%) parent_end_order=3289157/3289157 (100.0000%)
SB3[d095] greedy=sb3-greedy checked=100000 compatible=89903 (89.9030%) | candidate_evaluations=23952873 ordinal_overrides=1233 hard_overrides=3940 explicit_ordinals=36599138 implicit_first_labels=54628602 fanouts=5844405 ordinal_conflicts=497077 hard_conflicts=0 (parent=0 ha=0)
SB3[d095] structure topo-clean-checked=89750 complete=89750 (100.0000%) incomplete=0 | DEE placed=2879686 ambiguous=0 no_place=0 | event_order=89750 (100.0000%) critical_path=89750 (100.0000%) parent_end_order=2879859/2879859 (100.0000%)
SB3[d10] greedy=sb3-greedy checked=100000 compatible=89191 (89.1910%) | candidate_evaluations=24125828 ordinal_overrides=0 hard_overrides=4362 explicit_ordinals=36575874 implicit_first_labels=54607222 fanouts=5842385 ordinal_conflicts=563181 hard_conflicts=0 (parent=0 ha=0)
SB3[d10] structure topo-clean-checked=89139 complete=89139 (100.0000%) incomplete=0 | DEE placed=2787049 ambiguous=0 no_place=0 | event_order=89139 (100.0000%) critical_path=89139 (100.0000%) parent_end_order=2787221/2787221 (100.0000%)
Wrote 100000 traces to /users/tomislav/bridges/output/reconstruction_matrix_first100k_prime_up_ha_safe/sb3_cpd4.json
	Command being timed: "/users/tomislav/bridges/output/trace_recon_first100k_matrix --corpus /mydata/uber/bignode_state/day1_unfilt_corpus --trace-store /mydata/uber/day1.store --mode sb3 --checkpoint-distance 4 --prefix-len 8 --bloom-fp 0.0001 --prime-m --drop-rates 0.05,0.25,0.5,0.75,0.95,1 --seed 42 --per-trace-drop-seed --trace-count 100000 --workers 7 --fp-bits 64 --lehmer-ee --output /users/tomislav/bridges/output/reconstruction_matrix_first100k_prime_up_ha_safe/sb3_cpd4.json"
	User time (seconds): 27209.22
	System time (seconds): 1364.41
	Percent of CPU this job got: 875%
	Elapsed (wall clock) time (h:mm:ss or m:ss): 54:23.52
	Average shared text size (kbytes): 0
	Average unshared data size (kbytes): 0
	Average stack size (kbytes): 0
	Average total size (kbytes): 0
	Maximum resident set size (kbytes): 2236012
	Average resident set size (kbytes): 0
	Major (requiring I/O) page faults: 1
	Minor (reclaiming a frame) page faults: 297056625
	Voluntary context switches: 12215687
	Involuntary context switches: 1299673
	Swaps: 0
	File system inputs: 0
	File system outputs: 128
	Socket messages sent: 0
	Socket messages received: 0
	Signals delivered: 0
	Page size (bytes): 4096
	Exit status: 0
