Trace store: 521305 traces selected, 14 parallel replay workers
PROGRESS traces=10000 elapsed=7s feasible=9246 empty=754 exclEmpty=95.98% per-edge-exact=96.049%
PROGRESS traces=20000 elapsed=18s feasible=19127 empty=873 exclEmpty=94.65% per-edge-exact=96.067%
PROGRESS traces=30000 elapsed=29s feasible=29003 empty=997 exclEmpty=94.41% per-edge-exact=96.110%
PROGRESS traces=40000 elapsed=39s feasible=38879 empty=1121 exclEmpty=94.20% per-edge-exact=96.146%
PROGRESS traces=50000 elapsed=49s feasible=48759 empty=1241 exclEmpty=94.27% per-edge-exact=96.153%
PROGRESS traces=60000 elapsed=58s feasible=58603 empty=1397 exclEmpty=94.36% per-edge-exact=96.161%
PROGRESS traces=70000 elapsed=68s feasible=68436 empty=1564 exclEmpty=94.39% per-edge-exact=96.171%
PROGRESS traces=80000 elapsed=78s feasible=78264 empty=1736 exclEmpty=94.39% per-edge-exact=96.173%
PROGRESS traces=90000 elapsed=88s feasible=88115 empty=1885 exclEmpty=94.41% per-edge-exact=96.194%
PROGRESS traces=100000 elapsed=97s feasible=97986 empty=2014 exclEmpty=94.45% per-edge-exact=96.196%
PROGRESS traces=110000 elapsed=107s feasible=107830 empty=2170 exclEmpty=94.47% per-edge-exact=96.216%
PROGRESS traces=120000 elapsed=116s feasible=117689 empty=2311 exclEmpty=94.48% per-edge-exact=96.218%
PROGRESS traces=130000 elapsed=126s feasible=127543 empty=2457 exclEmpty=94.48% per-edge-exact=96.216%
PROGRESS traces=140000 elapsed=135s feasible=137382 empty=2618 exclEmpty=94.49% per-edge-exact=96.218%
PROGRESS traces=150000 elapsed=146s feasible=147216 empty=2784 exclEmpty=94.48% per-edge-exact=96.224%
PROGRESS traces=160000 elapsed=156s feasible=157066 empty=2934 exclEmpty=94.47% per-edge-exact=96.226%
PROGRESS traces=170000 elapsed=165s feasible=166897 empty=3103 exclEmpty=94.46% per-edge-exact=96.227%
PROGRESS traces=180000 elapsed=175s feasible=176733 empty=3267 exclEmpty=94.48% per-edge-exact=96.226%
PROGRESS traces=190000 elapsed=185s feasible=186598 empty=3402 exclEmpty=94.49% per-edge-exact=96.231%
PROGRESS traces=200000 elapsed=194s feasible=196429 empty=3571 exclEmpty=94.51% per-edge-exact=96.232%
PROGRESS traces=210000 elapsed=204s feasible=206285 empty=3715 exclEmpty=94.49% per-edge-exact=96.232%
PROGRESS traces=220000 elapsed=214s feasible=216113 empty=3887 exclEmpty=94.48% per-edge-exact=96.232%
PROGRESS traces=230000 elapsed=224s feasible=225959 empty=4041 exclEmpty=94.47% per-edge-exact=96.233%
PROGRESS traces=240000 elapsed=235s feasible=235819 empty=4181 exclEmpty=94.48% per-edge-exact=96.235%
PROGRESS traces=250000 elapsed=244s feasible=245659 empty=4341 exclEmpty=94.49% per-edge-exact=96.234%
PROGRESS traces=260000 elapsed=253s feasible=255495 empty=4505 exclEmpty=94.50% per-edge-exact=96.233%
PROGRESS traces=270000 elapsed=260s feasible=264738 empty=5262 exclEmpty=94.52% per-edge-exact=96.230%
PROGRESS traces=280000 elapsed=271s feasible=274600 empty=5400 exclEmpty=94.50% per-edge-exact=96.224%
PROGRESS traces=290000 elapsed=281s feasible=284478 empty=5522 exclEmpty=94.47% per-edge-exact=96.221%
PROGRESS traces=300000 elapsed=292s feasible=294388 empty=5612 exclEmpty=94.45% per-edge-exact=96.219%
PROGRESS traces=310000 elapsed=302s feasible=304245 empty=5755 exclEmpty=94.43% per-edge-exact=96.217%
PROGRESS traces=320000 elapsed=311s feasible=314087 empty=5913 exclEmpty=94.44% per-edge-exact=96.219%
PROGRESS traces=330000 elapsed=321s feasible=323932 empty=6068 exclEmpty=94.44% per-edge-exact=96.220%
PROGRESS traces=340000 elapsed=331s feasible=333792 empty=6208 exclEmpty=94.45% per-edge-exact=96.221%
PROGRESS traces=350000 elapsed=341s feasible=343633 empty=6367 exclEmpty=94.45% per-edge-exact=96.223%
PROGRESS traces=360000 elapsed=351s feasible=353480 empty=6520 exclEmpty=94.44% per-edge-exact=96.222%
PROGRESS traces=370000 elapsed=360s feasible=363311 empty=6689 exclEmpty=94.46% per-edge-exact=96.223%
PROGRESS traces=380000 elapsed=370s feasible=373161 empty=6839 exclEmpty=94.46% per-edge-exact=96.223%
PROGRESS traces=390000 elapsed=380s feasible=383010 empty=6990 exclEmpty=94.46% per-edge-exact=96.225%
PROGRESS traces=400000 elapsed=391s feasible=392857 empty=7143 exclEmpty=94.45% per-edge-exact=96.225%
PROGRESS traces=410000 elapsed=400s feasible=402694 empty=7306 exclEmpty=94.46% per-edge-exact=96.226%
PROGRESS traces=420000 elapsed=410s feasible=412534 empty=7466 exclEmpty=94.46% per-edge-exact=96.226%
PROGRESS traces=430000 elapsed=419s feasible=422388 empty=7612 exclEmpty=94.48% per-edge-exact=96.228%
PROGRESS traces=440000 elapsed=429s feasible=432242 empty=7758 exclEmpty=94.48% per-edge-exact=96.229%
PROGRESS traces=450000 elapsed=438s feasible=442098 empty=7902 exclEmpty=94.48% per-edge-exact=96.228%
PROGRESS traces=460000 elapsed=448s feasible=451943 empty=8057 exclEmpty=94.49% per-edge-exact=96.228%
PROGRESS traces=470000 elapsed=458s feasible=461800 empty=8200 exclEmpty=94.49% per-edge-exact=96.229%
PROGRESS traces=480000 elapsed=468s feasible=471649 empty=8351 exclEmpty=94.49% per-edge-exact=96.228%
PROGRESS traces=490000 elapsed=478s feasible=481511 empty=8489 exclEmpty=94.50% per-edge-exact=96.227%
PROGRESS traces=500000 elapsed=487s feasible=491343 empty=8657 exclEmpty=94.51% per-edge-exact=96.227%
PROGRESS traces=510000 elapsed=497s feasible=501204 empty=8796 exclEmpty=94.50% per-edge-exact=96.226%
PROGRESS traces=520000 elapsed=507s feasible=511054 empty=8946 exclEmpty=94.50% per-edge-exact=96.227%
CGP0 traces=521305 nontrivial=512334 empty=8971 | cleanNontrivial=484156 (94.50%) | cleanAll=493127 (94.59%)
CGP0 empties: n=8971 score-clean=8971 avgSurv=4.0 noDrop(trivial)=8971 tiny(<=2 surv)=446
CGP0 per-edge: exact=96.227% (437931823/455101746) wrong/trace=0.21 | survivor edges=100.000% | named-syn=80.23%
CGP0 greedy=full-evidence checked=521305 | candidate_evaluations=86112928 hard_overrides=1178 hard_conflicts=0 (parent=0 ha=0)
Wrote 521305 traces to output/reconstruction_canonical_evidence_v1/full_day1_prime_up/cgp0.json
	Command being timed: "/tmp/trace_recon_evidence_v1 --corpus /mydata/uber/bignode_state/day1_unfilt_corpus --trace-store /mydata/uber/day1.store --mode cgp0 --checkpoint-distance 4 --prefix-len 8 --bloom-fp 0.0001 --prime-m --drop-rate 0.5 --seed 42 --per-trace-drop-seed --workers 14 --output output/reconstruction_canonical_evidence_v1/full_day1_prime_up/cgp0.json"
	User time (seconds): 7294.90
	System time (seconds): 121.09
	Percent of CPU this job got: 1455%
	Elapsed (wall clock) time (h:mm:ss or m:ss): 8:29.45
	Average shared text size (kbytes): 0
	Average unshared data size (kbytes): 0
	Average stack size (kbytes): 0
	Average total size (kbytes): 0
	Maximum resident set size (kbytes): 687016
	Average resident set size (kbytes): 0
	Major (requiring I/O) page faults: 2
	Minor (reclaiming a frame) page faults: 17438827
	Voluntary context switches: 2442323
	Involuntary context switches: 649590
	Swaps: 0
	File system inputs: 2320
	File system outputs: 144
	Socket messages sent: 0
	Socket messages received: 0
	Signals delivered: 0
	Page size (bytes): 4096
	Exit status: 0
