Trace store: 10000 traces selected, 12 parallel replay workers
PROGRESS traces=10000 elapsed=59s feasible=9825 empty=175 exclEmpty=73.61% per-edge-exact=96.173%
SB3 traces=10000 feasible=9825 empty=175 | correct=72.32% (clean=7232) | correctExclEmpty=73.61% | correctCreditEmpty=74.07%
SB3 empties: n=175 avgSurv=3.8 noDrop(trivial)=175 tiny(<=2 surv)=8
SB3 per-edge: exact=96.173% (8418403/8753437) wrong/trace=2.85 | survivor edges=100.000% | named-syn=79.82%
SB3 greedy=sb3-greedy checked=10000 compatible=7408 (74.0800%) | candidate_evaluations=1652519 ordinal_overrides=0 hard_overrides=5493 ordinal_placed=3719163 fanouts=572736 ordinal_conflicts=74485 hard_conflicts=0
TIMING[all] traces=10000 recon_total=2m32.917s mean=15.292ms p50=3.474 p90=27.216 p99=204.389 max=1688.942 (ms)
TIMING[exclEmpty] traces=9825 recon_total=2m32.896s mean=15.562ms p50=3.614 p90=27.610 p99=204.588 max=1688.942 (ms)
Wrote 10000 traces to output/sb3_day1_reconstruction/fanout_constraints_10k/no_ordinal.json
	Command being timed: "/tmp/trace_recon_sb3_fanout --corpus /mydata/uber/bignode_state/day1_unfilt_corpus --trace-store /mydata/uber/day1.store --mode sb3 --checkpoint-distance 4 --prefix-len 8 --bloom-fp 0.0001 --fp-bits 64 --lehmer-ee --sb3-ignore-ordinals --drop-rate 0.5 --seed 42 --per-trace-drop-seed --sample 10000 --sample-seed 29 --workers 12 --timing output/sb3_day1_reconstruction/fanout_constraints_10k/no_ordinal_timing.csv --output output/sb3_day1_reconstruction/fanout_constraints_10k/no_ordinal.json"
	User time (seconds): 348.27
	System time (seconds): 23.65
	Percent of CPU this job got: 619%
	Elapsed (wall clock) time (h:mm:ss or m:ss): 0:59.99
	Average shared text size (kbytes): 0
	Average unshared data size (kbytes): 0
	Average stack size (kbytes): 0
	Average total size (kbytes): 0
	Maximum resident set size (kbytes): 348984
	Average resident set size (kbytes): 0
	Major (requiring I/O) page faults: 0
	Minor (reclaiming a frame) page faults: 2377415
	Voluntary context switches: 321926
	Involuntary context switches: 5914
	Swaps: 0
	File system inputs: 0
	File system outputs: 768
	Socket messages sent: 0
	Socket messages received: 0
	Signals delivered: 0
	Page size (bytes): 4096
	Exit status: 0
