Trace store: 10000 traces selected, 12 parallel replay workers
PROGRESS traces=10000 elapsed=62s feasible=9825 empty=175 exclEmpty=74.38% per-edge-exact=96.173%
SB3 traces=10000 feasible=9825 empty=175 | correct=73.08% (clean=7308) | correctExclEmpty=74.38% | correctCreditEmpty=74.83%
SB3 empties: n=175 avgSurv=3.8 noDrop(trivial)=175 tiny(<=2 surv)=8
SB3 per-edge: exact=96.173% (8418458/8753438) wrong/trace=2.82 | survivor edges=100.000% | named-syn=79.82%
SB3 greedy=sb3-greedy checked=10000 compatible=7523 (75.2300%) | candidate_evaluations=1661254 ordinal_overrides=2053 hard_overrides=13909 ordinal_placed=3731419 fanouts=571545 ordinal_conflicts=46538 hard_conflicts=0
TIMING[all] traces=10000 recon_total=4m24.711s mean=26.471ms p50=4.912 p90=40.373 p99=386.916 max=4730.267 (ms)
TIMING[exclEmpty] traces=9825 recon_total=4m24.693s mean=26.941ms p50=5.104 p90=40.876 p99=397.314 max=4730.267 (ms)
Wrote 10000 traces to output/sb3_day1_reconstruction/fanout_constraints_10k/ordinal.json
	Command being timed: "/tmp/trace_recon_sb3_fanout --corpus /mydata/uber/bignode_state/day1_unfilt_corpus --trace-store /mydata/uber/day1.store --mode sb3 --checkpoint-distance 4 --prefix-len 8 --bloom-fp 0.0001 --fp-bits 64 --lehmer-ee --drop-rate 0.5 --seed 42 --per-trace-drop-seed --sample 10000 --sample-seed 29 --workers 12 --timing output/sb3_day1_reconstruction/fanout_constraints_10k/ordinal_timing.csv --output output/sb3_day1_reconstruction/fanout_constraints_10k/ordinal.json"
	User time (seconds): 516.29
	System time (seconds): 28.24
	Percent of CPU this job got: 873%
	Elapsed (wall clock) time (h:mm:ss or m:ss): 1:02.31
	Average shared text size (kbytes): 0
	Average unshared data size (kbytes): 0
	Average stack size (kbytes): 0
	Average total size (kbytes): 0
	Maximum resident set size (kbytes): 551272
	Average resident set size (kbytes): 0
	Major (requiring I/O) page faults: 0
	Minor (reclaiming a frame) page faults: 2726450
	Voluntary context switches: 382921
	Involuntary context switches: 9595
	Swaps: 0
	File system inputs: 0
	File system outputs: 776
	Socket messages sent: 0
	Socket messages received: 0
	Signals delivered: 0
	Page size (bytes): 4096
	Exit status: 0
