Trace store: 521305 traces selected, 10 parallel replay workers
PROGRESS traces=10000 elapsed=7s feasible=9247 empty=753 exclEmpty=89.38% per-edge-exact=62.428%
PROGRESS traces=20000 elapsed=16s feasible=19127 empty=873 exclEmpty=87.80% per-edge-exact=63.125%
PROGRESS traces=30000 elapsed=24s feasible=29003 empty=997 exclEmpty=87.21% per-edge-exact=63.270%
PROGRESS traces=40000 elapsed=34s feasible=38879 empty=1121 exclEmpty=86.86% per-edge-exact=63.285%
PROGRESS traces=50000 elapsed=46s feasible=48759 empty=1241 exclEmpty=86.87% per-edge-exact=63.505%
PROGRESS traces=60000 elapsed=58s feasible=58603 empty=1397 exclEmpty=87.10% per-edge-exact=63.724%
PROGRESS traces=70000 elapsed=70s feasible=68436 empty=1564 exclEmpty=87.21% per-edge-exact=63.880%
PROGRESS traces=80000 elapsed=85s feasible=78264 empty=1736 exclEmpty=87.32% per-edge-exact=63.966%
PROGRESS traces=90000 elapsed=100s feasible=88115 empty=1885 exclEmpty=87.45% per-edge-exact=64.016%
PROGRESS traces=100000 elapsed=112s feasible=97986 empty=2014 exclEmpty=87.54% per-edge-exact=64.137%
PROGRESS traces=110000 elapsed=125s feasible=107830 empty=2170 exclEmpty=87.55% per-edge-exact=64.147%
PROGRESS traces=120000 elapsed=137s feasible=117689 empty=2311 exclEmpty=87.62% per-edge-exact=64.226%
PROGRESS traces=130000 elapsed=150s feasible=127543 empty=2457 exclEmpty=87.66% per-edge-exact=64.275%
PROGRESS traces=140000 elapsed=162s feasible=137382 empty=2618 exclEmpty=87.70% per-edge-exact=64.349%
PROGRESS traces=150000 elapsed=176s feasible=147216 empty=2784 exclEmpty=87.71% per-edge-exact=64.358%
PROGRESS traces=160000 elapsed=190s feasible=157066 empty=2934 exclEmpty=87.70% per-edge-exact=64.383%
PROGRESS traces=170000 elapsed=202s feasible=166897 empty=3103 exclEmpty=87.70% per-edge-exact=64.409%
PROGRESS traces=180000 elapsed=215s feasible=176733 empty=3267 exclEmpty=87.74% per-edge-exact=64.450%
PROGRESS traces=190000 elapsed=227s feasible=186598 empty=3402 exclEmpty=87.78% per-edge-exact=64.496%
PROGRESS traces=200000 elapsed=239s feasible=196429 empty=3571 exclEmpty=87.80% per-edge-exact=64.511%
PROGRESS traces=210000 elapsed=253s feasible=206286 empty=3714 exclEmpty=87.78% per-edge-exact=64.511%
PROGRESS traces=220000 elapsed=266s feasible=216113 empty=3887 exclEmpty=87.78% per-edge-exact=64.529%
PROGRESS traces=230000 elapsed=279s feasible=225961 empty=4039 exclEmpty=87.77% per-edge-exact=64.545%
PROGRESS traces=240000 elapsed=293s feasible=235819 empty=4181 exclEmpty=87.79% per-edge-exact=64.548%
PROGRESS traces=250000 elapsed=305s feasible=245659 empty=4341 exclEmpty=87.79% per-edge-exact=64.561%
PROGRESS traces=260000 elapsed=316s feasible=255495 empty=4505 exclEmpty=87.81% per-edge-exact=64.570%
PROGRESS traces=270000 elapsed=325s feasible=264738 empty=5262 exclEmpty=87.86% per-edge-exact=64.512%
PROGRESS traces=280000 elapsed=337s feasible=274600 empty=5400 exclEmpty=87.80% per-edge-exact=64.487%
PROGRESS traces=290000 elapsed=349s feasible=284478 empty=5522 exclEmpty=87.72% per-edge-exact=64.457%
PROGRESS traces=300000 elapsed=361s feasible=294388 empty=5612 exclEmpty=87.66% per-edge-exact=64.419%
PROGRESS traces=310000 elapsed=372s feasible=304245 empty=5755 exclEmpty=87.63% per-edge-exact=64.404%
PROGRESS traces=320000 elapsed=383s feasible=314087 empty=5913 exclEmpty=87.64% per-edge-exact=64.418%
PROGRESS traces=330000 elapsed=395s feasible=323932 empty=6068 exclEmpty=87.65% per-edge-exact=64.437%
PROGRESS traces=340000 elapsed=409s feasible=333792 empty=6208 exclEmpty=87.64% per-edge-exact=64.432%
PROGRESS traces=350000 elapsed=422s feasible=343633 empty=6367 exclEmpty=87.65% per-edge-exact=64.442%
PROGRESS traces=360000 elapsed=434s feasible=353480 empty=6520 exclEmpty=87.66% per-edge-exact=64.458%
PROGRESS traces=370000 elapsed=446s feasible=363311 empty=6689 exclEmpty=87.69% per-edge-exact=64.472%
PROGRESS traces=380000 elapsed=459s feasible=373161 empty=6839 exclEmpty=87.69% per-edge-exact=64.486%
PROGRESS traces=390000 elapsed=472s feasible=383010 empty=6990 exclEmpty=87.69% per-edge-exact=64.498%
PROGRESS traces=400000 elapsed=485s feasible=392857 empty=7143 exclEmpty=87.69% per-edge-exact=64.508%
PROGRESS traces=410000 elapsed=497s feasible=402694 empty=7306 exclEmpty=87.71% per-edge-exact=64.520%
PROGRESS traces=420000 elapsed=509s feasible=412534 empty=7466 exclEmpty=87.72% per-edge-exact=64.527%
PROGRESS traces=430000 elapsed=521s feasible=422388 empty=7612 exclEmpty=87.73% per-edge-exact=64.542%
PROGRESS traces=440000 elapsed=532s feasible=432242 empty=7758 exclEmpty=87.75% per-edge-exact=64.545%
PROGRESS traces=450000 elapsed=545s feasible=442098 empty=7902 exclEmpty=87.76% per-edge-exact=64.547%
PROGRESS traces=460000 elapsed=556s feasible=451943 empty=8057 exclEmpty=87.78% per-edge-exact=64.562%
PROGRESS traces=470000 elapsed=570s feasible=461800 empty=8200 exclEmpty=87.78% per-edge-exact=64.570%
PROGRESS traces=480000 elapsed=583s feasible=471649 empty=8351 exclEmpty=87.78% per-edge-exact=64.580%
PROGRESS traces=490000 elapsed=596s feasible=481511 empty=8489 exclEmpty=87.79% per-edge-exact=64.583%
PROGRESS traces=500000 elapsed=607s feasible=491343 empty=8657 exclEmpty=87.80% per-edge-exact=64.597%
PROGRESS traces=510000 elapsed=621s feasible=501204 empty=8796 exclEmpty=87.80% per-edge-exact=64.603%
PROGRESS traces=520000 elapsed=631s feasible=511054 empty=8946 exclEmpty=87.81% per-edge-exact=64.605%
CGP0 traces=521305 feasible=512334 empty=8971 | correct=86.30% (clean=449871) | correctExclEmpty=87.81% | correctCreditEmpty=88.02%
CGP0 empties: n=8971 avgSurv=4.0 noDrop(trivial)=8971 tiny(<=2 surv)=446
CGP0 per-edge: exact=64.605% (241482021/373784250) wrong/trace=0.78 | survivor edges=64.437% | named-syn=75.76%
Wrote 521305 traces to /users/tomislav/bridges/output/sb3_day1_reconstruction/cgp0_core_full_day1/cgp0.json
	Command being timed: "/tmp/trace_recon_sb3_full_day1 --corpus /mydata/uber/bignode_state/day1_unfilt_corpus --trace-store /mydata/uber/day1.store --mode cgp0 --checkpoint-distance 4 --prefix-len 8 --bloom-fp 0.0001 --drop-rate 0.5 --seed 42 --per-trace-drop-seed --workers 10 --output /users/tomislav/bridges/output/sb3_day1_reconstruction/cgp0_core_full_day1/cgp0.json"
	User time (seconds): 6639.27
	System time (seconds): 102.27
	Percent of CPU this job got: 1059%
	Elapsed (wall clock) time (h:mm:ss or m:ss): 10:36.11
	Average shared text size (kbytes): 0
	Average unshared data size (kbytes): 0
	Average stack size (kbytes): 0
	Average total size (kbytes): 0
	Maximum resident set size (kbytes): 526336
	Average resident set size (kbytes): 0
	Major (requiring I/O) page faults: 2
	Minor (reclaiming a frame) page faults: 15405435
	Voluntary context switches: 1922626
	Involuntary context switches: 754434
	Swaps: 0
	File system inputs: 10160
	File system outputs: 368
	Socket messages sent: 0
	Socket messages received: 0
	Signals delivered: 0
	Page size (bytes): 4096
	Exit status: 0
