Trace store: 521305 traces selected, 10 parallel replay workers
PROGRESS traces=10000 elapsed=29s feasible=9247 empty=753 exclEmpty=91.84% per-edge-exact=96.056%
PROGRESS traces=20000 elapsed=66s feasible=19127 empty=873 exclEmpty=89.78% per-edge-exact=96.043%
PROGRESS traces=30000 elapsed=103s feasible=29003 empty=997 exclEmpty=89.00% per-edge-exact=96.087%
PROGRESS traces=40000 elapsed=141s feasible=38879 empty=1121 exclEmpty=88.53% per-edge-exact=96.123%
PROGRESS traces=50000 elapsed=176s feasible=48759 empty=1241 exclEmpty=88.62% per-edge-exact=96.132%
PROGRESS traces=60000 elapsed=209s feasible=58603 empty=1397 exclEmpty=88.95% per-edge-exact=96.140%
SB3HARTRACE tid=17b91d756ce5b415 survivors=2428 parent_conflicts=0 ha_conflicts=2
PROGRESS traces=70000 elapsed=243s feasible=68436 empty=1564 exclEmpty=89.13% per-edge-exact=96.149%
PROGRESS traces=80000 elapsed=282s feasible=78264 empty=1736 exclEmpty=89.27% per-edge-exact=96.153%
PROGRESS traces=90000 elapsed=318s feasible=88115 empty=1885 exclEmpty=89.46% per-edge-exact=96.172%
PROGRESS traces=100000 elapsed=353s feasible=97986 empty=2014 exclEmpty=89.59% per-edge-exact=96.174%
PROGRESS traces=110000 elapsed=389s feasible=107830 empty=2170 exclEmpty=89.62% per-edge-exact=96.195%
PROGRESS traces=120000 elapsed=420s feasible=117689 empty=2311 exclEmpty=89.71% per-edge-exact=96.197%
PROGRESS traces=130000 elapsed=454s feasible=127543 empty=2457 exclEmpty=89.76% per-edge-exact=96.197%
PROGRESS traces=140000 elapsed=489s feasible=137382 empty=2618 exclEmpty=89.82% per-edge-exact=96.198%
PROGRESS traces=150000 elapsed=526s feasible=147216 empty=2784 exclEmpty=89.83% per-edge-exact=96.203%
PROGRESS traces=160000 elapsed=562s feasible=157066 empty=2934 exclEmpty=89.86% per-edge-exact=96.205%
PROGRESS traces=170000 elapsed=596s feasible=166897 empty=3103 exclEmpty=89.89% per-edge-exact=96.207%
PROGRESS traces=180000 elapsed=626s feasible=176733 empty=3267 exclEmpty=89.94% per-edge-exact=96.206%
PROGRESS traces=190000 elapsed=652s feasible=186598 empty=3402 exclEmpty=89.97% per-edge-exact=96.210%
PROGRESS traces=200000 elapsed=678s feasible=196429 empty=3571 exclEmpty=89.99% per-edge-exact=96.211%
PROGRESS traces=210000 elapsed=706s feasible=206286 empty=3714 exclEmpty=89.98% per-edge-exact=96.212%
PROGRESS traces=220000 elapsed=733s feasible=216113 empty=3887 exclEmpty=89.97% per-edge-exact=96.211%
PROGRESS traces=230000 elapsed=760s feasible=225961 empty=4039 exclEmpty=89.97% per-edge-exact=96.213%
PROGRESS traces=240000 elapsed=788s feasible=235819 empty=4181 exclEmpty=89.97% per-edge-exact=96.215%
PROGRESS traces=250000 elapsed=814s feasible=245659 empty=4341 exclEmpty=89.98% per-edge-exact=96.214%
PROGRESS traces=260000 elapsed=840s feasible=255495 empty=4505 exclEmpty=89.99% per-edge-exact=96.213%
PROGRESS traces=270000 elapsed=859s feasible=264738 empty=5262 exclEmpty=90.06% per-edge-exact=96.209%
PROGRESS traces=280000 elapsed=887s feasible=274600 empty=5400 exclEmpty=89.98% per-edge-exact=96.204%
PROGRESS traces=290000 elapsed=915s feasible=284478 empty=5522 exclEmpty=89.88% per-edge-exact=96.201%
SB3HARTRACE tid=89ec4fe347be996a survivors=3973 parent_conflicts=0 ha_conflicts=2
PROGRESS traces=300000 elapsed=944s feasible=294388 empty=5612 exclEmpty=89.80% per-edge-exact=96.199%
PROGRESS traces=310000 elapsed=970s feasible=304245 empty=5755 exclEmpty=89.75% per-edge-exact=96.196%
PROGRESS traces=320000 elapsed=995s feasible=314087 empty=5913 exclEmpty=89.77% per-edge-exact=96.199%
SB3HARTRACE tid=96e909b76e1770fb survivors=33586 parent_conflicts=0 ha_conflicts=2
PROGRESS traces=330000 elapsed=1021s feasible=323932 empty=6068 exclEmpty=89.78% per-edge-exact=96.200%
PROGRESS traces=340000 elapsed=1051s feasible=333792 empty=6208 exclEmpty=89.79% per-edge-exact=96.201%
PROGRESS traces=350000 elapsed=1078s feasible=343633 empty=6367 exclEmpty=89.80% per-edge-exact=96.203%
SB3HARTRACE tid=a682d0fc031c10a3 survivors=8170 parent_conflicts=0 ha_conflicts=2
PROGRESS traces=360000 elapsed=1101s feasible=353480 empty=6520 exclEmpty=89.81% per-edge-exact=96.202%
PROGRESS traces=370000 elapsed=1124s feasible=363311 empty=6689 exclEmpty=89.83% per-edge-exact=96.203%
PROGRESS traces=380000 elapsed=1148s feasible=373161 empty=6839 exclEmpty=89.84% per-edge-exact=96.203%
PROGRESS traces=390000 elapsed=1172s feasible=383010 empty=6990 exclEmpty=89.85% per-edge-exact=96.204%
PROGRESS traces=400000 elapsed=1195s feasible=392857 empty=7143 exclEmpty=89.85% per-edge-exact=96.204%
SB3HARTRACE tid=c18772c20ec47b32 survivors=15460 parent_conflicts=0 ha_conflicts=2
PROGRESS traces=410000 elapsed=1217s feasible=402694 empty=7306 exclEmpty=89.88% per-edge-exact=96.206%
PROGRESS traces=420000 elapsed=1238s feasible=412534 empty=7466 exclEmpty=89.90% per-edge-exact=96.206%
PROGRESS traces=430000 elapsed=1261s feasible=422388 empty=7612 exclEmpty=89.93% per-edge-exact=96.207%
PROGRESS traces=440000 elapsed=1282s feasible=432242 empty=7758 exclEmpty=89.94% per-edge-exact=96.209%
PROGRESS traces=450000 elapsed=1307s feasible=442098 empty=7902 exclEmpty=89.96% per-edge-exact=96.208%
PROGRESS traces=460000 elapsed=1330s feasible=451943 empty=8057 exclEmpty=89.97% per-edge-exact=96.208%
PROGRESS traces=470000 elapsed=1353s feasible=461800 empty=8200 exclEmpty=89.98% per-edge-exact=96.208%
PROGRESS traces=480000 elapsed=1376s feasible=471649 empty=8351 exclEmpty=89.99% per-edge-exact=96.207%
PROGRESS traces=490000 elapsed=1400s feasible=481511 empty=8489 exclEmpty=90.00% per-edge-exact=96.207%
PROGRESS traces=500000 elapsed=1421s feasible=491343 empty=8657 exclEmpty=90.01% per-edge-exact=96.207%
SB3HARTRACE tid=f1d721fc97193567 survivors=64735 parent_conflicts=0 ha_conflicts=2
PROGRESS traces=510000 elapsed=1444s feasible=501204 empty=8796 exclEmpty=90.01% per-edge-exact=96.206%
PROGRESS traces=520000 elapsed=1465s feasible=511054 empty=8946 exclEmpty=90.02% per-edge-exact=96.207%
SB3 traces=521305 feasible=512334 empty=8971 | correct=88.47% (clean=461220) | correctExclEmpty=90.02% | correctCreditEmpty=90.19%
SB3 empties: n=8971 avgSurv=4.0 noDrop(trivial)=8971 tiny(<=2 surv)=446
SB3 per-edge: exact=96.207% (437838788/455101676) wrong/trace=1.52 | survivor edges=100.000% | named-syn=80.12%
SB3 greedy=sb3-greedy checked=521305 compatible=472959 (90.7260%) | candidate_evaluations=86306116 ordinal_overrides=118493 hard_overrides=57863 ordinal_placed=192431555 fanouts=29695096 ordinal_conflicts=2025668 hard_conflicts=12 (parent=0 ha=12)
Wrote 521305 traces to /users/tomislav/bridges/output/sb3_day1_reconstruction/cgp0_core_full_day1/sb3_ordinal.json
	Command being timed: "/tmp/trace_recon_sb3_full_day1 --corpus /mydata/uber/bignode_state/day1_unfilt_corpus --trace-store /mydata/uber/day1.store --mode sb3 --checkpoint-distance 4 --prefix-len 8 --bloom-fp 0.0001 --fp-bits 64 --lehmer-ee --drop-rate 0.5 --seed 42 --per-trace-drop-seed --workers 10 --output /users/tomislav/bridges/output/sb3_day1_reconstruction/cgp0_core_full_day1/sb3_ordinal.json"
	User time (seconds): 18022.15
	System time (seconds): 237.75
	Percent of CPU this job got: 1240%
	Elapsed (wall clock) time (h:mm:ss or m:ss): 24:32.17
	Average shared text size (kbytes): 0
	Average unshared data size (kbytes): 0
	Average stack size (kbytes): 0
	Average total size (kbytes): 0
	Maximum resident set size (kbytes): 1055164
	Average resident set size (kbytes): 0
	Major (requiring I/O) page faults: 42
	Minor (reclaiming a frame) page faults: 32403913
	Voluntary context switches: 5806756
	Involuntary context switches: 991502
	Swaps: 0
	File system inputs: 2624
	File system outputs: 472
	Socket messages sent: 0
	Socket messages received: 0
	Signals delivered: 0
	Page size (bytes): 4096
	Exit status: 0
