Trace store: 50000 traces selected, 12 parallel replay workers
PROGRESS traces=10000 elapsed=26s feasible=9805 empty=195 exclEmpty=89.21% per-edge-exact=96.169%
PROGRESS traces=20000 elapsed=52s feasible=19627 empty=373 exclEmpty=89.77% per-edge-exact=96.214%
PROGRESS traces=30000 elapsed=74s feasible=29411 empty=589 exclEmpty=89.55% per-edge-exact=96.181%
PROGRESS traces=40000 elapsed=97s feasible=39258 empty=742 exclEmpty=89.78% per-edge-exact=96.195%
PROGRESS traces=50000 elapsed=120s feasible=49096 empty=904 exclEmpty=89.92% per-edge-exact=96.195%
SB3 traces=50000 feasible=49096 empty=904 | correct=88.29% (clean=44147) | correctExclEmpty=89.92% | correctCreditEmpty=90.10%
SB3 empties: n=904 avgSurv=3.9 noDrop(trivial)=904 tiny(<=2 surv)=41
SB3 per-edge: exact=96.195% (41972415/43632491) wrong/trace=1.60 | survivor edges=100.000% | named-syn=80.05%
SB3 greedy=sb3-greedy checked=50000 compatible=45284 (90.5680%) | candidate_evaluations=8271494 ordinal_overrides=12454 hard_overrides=6379 ordinal_placed=18454060 fanouts=2854444 ordinal_conflicts=206872 hard_conflicts=78
Wrote 50000 traces to output/sb3_day1_reconstruction/cgp0_core_50k/sb3_ordinal.json
	Command being timed: "/tmp/trace_recon_sb3_cgp0_core_50k --corpus /mydata/uber/bignode_state/day1_unfilt_corpus --trace-store /mydata/uber/day1.store --mode sb3 --checkpoint-distance 4 --prefix-len 8 --bloom-fp 0.0001 --fp-bits 64 --lehmer-ee --drop-rate 0.5 --seed 42 --per-trace-drop-seed --sample 50000 --sample-seed 29 --workers 12 --output output/sb3_day1_reconstruction/cgp0_core_50k/sb3_ordinal.json"
	User time (seconds): 1956.32
	System time (seconds): 49.19
	Percent of CPU this job got: 1661%
	Elapsed (wall clock) time (h:mm:ss or m:ss): 2:00.70
	Average shared text size (kbytes): 0
	Average unshared data size (kbytes): 0
	Average stack size (kbytes): 0
	Average total size (kbytes): 0
	Maximum resident set size (kbytes): 783240
	Average resident set size (kbytes): 0
	Major (requiring I/O) page faults: 5
	Minor (reclaiming a frame) page faults: 5784549
	Voluntary context switches: 902148
	Involuntary context switches: 54668
	Swaps: 0
	File system inputs: 432
	File system outputs: 40
	Socket messages sent: 0
	Socket messages received: 0
	Signals delivered: 0
	Page size (bytes): 4096
	Exit status: 0
