Trace store: 100000 traces selected, 20 parallel replay workers
PROGRESS traces=10000 elapsed=19s feasible=9255 empty=745 exclEmpty=98.04% per-edge-exact=94.475%
PROGRESS traces=20000 elapsed=48s feasible=19136 empty=864 exclEmpty=97.55% per-edge-exact=94.502%
PROGRESS traces=30000 elapsed=76s feasible=29014 empty=986 exclEmpty=97.43% per-edge-exact=94.542%
PROGRESS traces=40000 elapsed=100s feasible=38890 empty=1110 exclEmpty=97.33% per-edge-exact=94.609%
PROGRESS traces=50000 elapsed=124s feasible=48770 empty=1230 exclEmpty=97.30% per-edge-exact=94.611%
PROGRESS traces=60000 elapsed=149s feasible=58615 empty=1385 exclEmpty=97.23% per-edge-exact=94.625%
PROGRESS traces=70000 elapsed=176s feasible=68449 empty=1551 exclEmpty=97.19% per-edge-exact=94.635%
PROGRESS traces=80000 elapsed=212s feasible=78277 empty=1723 exclEmpty=97.16% per-edge-exact=94.640%
PROGRESS traces=90000 elapsed=244s feasible=88128 empty=1872 exclEmpty=97.14% per-edge-exact=94.669%
PROGRESS traces=100000 elapsed=276s feasible=97999 empty=2001 exclEmpty=97.11% per-edge-exact=94.673%
SB3 traces=100000 nontrivial=97999 empty=2001 | cleanNontrivial=95165 (97.11%) | cleanAll=97166 (97.17%)
SB3 empties: n=2001 score-clean=2001 avgSurv=3.8 noDrop(trivial)=2001 tiny(<=2 surv)=81
SB3 per-edge: exact=94.673% (81130169/85694889) wrong/trace=0.13 | survivor edges=100.000% | named-syn=75.21%
SB3 greedy=sb3-greedy checked=100000 compatible=97340 (97.3400%) | candidate_evaluations=18311295 ordinal_overrides=6485 hard_overrides=33374 explicit_ordinals=36654093 implicit_first_labels=54739747 fanouts=5851513 ordinal_conflicts=313028 hard_conflicts=0 (parent=0 ha=0)
Wrote 100000 traces to output/sb3_hard_evidence_debug/cpd8_d05_fixed_100k.json
	Command being timed: "/tmp/trace_recon_sb3_hafix --corpus /mydata/uber/bignode_state/day1_unfilt_corpus --trace-store /mydata/uber/day1.store --mode sb3 --checkpoint-distance 8 --prefix-len 8 --bloom-fp 0.0001 --prime-m --fp-bits 64 --lehmer-ee --topo-only --drop-rate 0.5 --seed 42 --per-trace-drop-seed --trace-count 100000 --workers 20 --output output/sb3_hard_evidence_debug/cpd8_d05_fixed_100k.json"
	User time (seconds): 6823.31
	System time (seconds): 72.94
	Percent of CPU this job got: 2235%
	Elapsed (wall clock) time (h:mm:ss or m:ss): 5:08.51
	Average shared text size (kbytes): 0
	Average unshared data size (kbytes): 0
	Average stack size (kbytes): 0
	Average total size (kbytes): 0
	Maximum resident set size (kbytes): 1877416
	Average resident set size (kbytes): 0
	Major (requiring I/O) page faults: 4
	Minor (reclaiming a frame) page faults: 10198272
	Voluntary context switches: 1759696
	Involuntary context switches: 50110
	Swaps: 0
	File system inputs: 0
	File system outputs: 88
	Socket messages sent: 0
	Socket messages received: 0
	Signals delivered: 0
	Page size (bytes): 4096
	Exit status: 0
